// Vitest Snapshot v1, https://vitest.dev/guide/snapshot.html

exports[`go to definition > AO 1`] = `
[
  "1. Perform ? SaveTheðŸ”½World(  ).",
  [
    {
      "range": {
        "end": {
          "character": 28,
          "line": 13,
        },
        "start": {
          "character": 16,
          "line": 13,
        },
      },
      "uri": "test://1ba2f12a6737ed2ae48ad841847a364e.emu",
    },
  ],
]
`;

exports[`go to definition > emu-prodref 1`] = `
[
  "<emu-prodref name="MoreOneNightðŸ”½"></emu-prodref>",
  undefined,
]
`;

exports[`go to definition > grammar 1`] = `
[
  "<p>A |MoreOneNightðŸ”½| production.</p>",
  [
    {
      "range": {
        "end": {
          "character": 24,
          "line": 2,
        },
        "start": {
          "character": 12,
          "line": 2,
        },
      },
      "uri": "test://1ba2f12a6737ed2ae48ad841847a364e.emu",
    },
  ],
]
`;

exports[`go to definition > grammar in grammar 1`] = `
[
  "MoreOneNightðŸ”½",
  [
    {
      "range": {
        "end": {
          "character": 24,
          "line": 2,
        },
        "start": {
          "character": 12,
          "line": 2,
        },
      },
      "uri": "test://1ba2f12a6737ed2ae48ad841847a364e.emu",
    },
  ],
]
`;

exports[`go to definition > linkSupport: AO 1`] = `
[
  "1. Perform ? SaveTheðŸ”½World(  ).",
  [
    {
      "originSelectionRange": {
        "end": {
          "character": 37,
          "line": 25,
        },
        "start": {
          "character": 25,
          "line": 25,
        },
      },
      "targetRange": {
        "end": {
          "character": 88,
          "line": 15,
        },
        "start": {
          "character": 16,
          "line": 13,
        },
      },
      "targetSelectionRange": {
        "end": {
          "character": 28,
          "line": 13,
        },
        "start": {
          "character": 16,
          "line": 13,
        },
      },
      "targetUri": "test://1ba2f12a6737ed2ae48ad841847a364e.emu",
    },
  ],
]
`;

exports[`go to definition > linkSupport: emu-prodref 1`] = `
[
  "<emu-prodref name="MoreOneNightðŸ”½"></emu-prodref>",
  undefined,
]
`;

exports[`go to definition > linkSupport: grammar 1`] = `
[
  "<p>A |MoreOneNightðŸ”½| production.</p>",
  [
    {
      "originSelectionRange": {
        "end": {
          "character": 26,
          "line": 4,
        },
        "start": {
          "character": 14,
          "line": 4,
        },
      },
      "targetRange": {
        "end": {
          "character": 49,
          "line": 2,
        },
        "start": {
          "character": 12,
          "line": 2,
        },
      },
      "targetSelectionRange": {
        "end": {
          "character": 24,
          "line": 2,
        },
        "start": {
          "character": 12,
          "line": 2,
        },
      },
      "targetUri": "test://1ba2f12a6737ed2ae48ad841847a364e.emu",
    },
  ],
]
`;

exports[`go to definition > linkSupport: grammar in grammar 1`] = `
[
  "MoreOneNightðŸ”½",
  [
    {
      "originSelectionRange": {
        "end": {
          "character": 28,
          "line": 8,
        },
        "start": {
          "character": 16,
          "line": 8,
        },
      },
      "targetRange": {
        "end": {
          "character": 49,
          "line": 2,
        },
        "start": {
          "character": 12,
          "line": 2,
        },
      },
      "targetSelectionRange": {
        "end": {
          "character": 24,
          "line": 2,
        },
        "start": {
          "character": 12,
          "line": 2,
        },
      },
      "targetUri": "test://1ba2f12a6737ed2ae48ad841847a364e.emu",
    },
  ],
]
`;

exports[`go to definition > linkSupport: local variable 1`] = `
[
  "1. Perform ? FinishSavingTheWorld(_obj_ðŸ”½).",
  [
    {
      "originSelectionRange": {
        "end": {
          "character": 54,
          "line": 21,
        },
        "start": {
          "character": 51,
          "line": 21,
        },
      },
      "targetRange": {
        "end": {
          "character": 18,
          "line": 20,
        },
        "start": {
          "character": 15,
          "line": 20,
        },
      },
      "targetSelectionRange": {
        "end": {
          "character": 18,
          "line": 20,
        },
        "start": {
          "character": 15,
          "line": 20,
        },
      },
      "targetUri": "test://1ba2f12a6737ed2ae48ad841847a364e.emu",
    },
  ],
]
`;

exports[`go to definition > linkSupport: parameter 1`] = `
[
  "1. Let _obj_ be ! OrdinaryObjectCreate(_input_ðŸ”½).",
  [
    {
      "originSelectionRange": {
        "end": {
          "character": 61,
          "line": 20,
        },
        "start": {
          "character": 56,
          "line": 20,
        },
      },
      "targetRange": {
        "end": {
          "character": 22,
          "line": 14,
        },
        "start": {
          "character": 17,
          "line": 14,
        },
      },
      "targetSelectionRange": {
        "end": {
          "character": 22,
          "line": 14,
        },
        "start": {
          "character": 17,
          "line": 14,
        },
      },
      "targetUri": "test://1ba2f12a6737ed2ae48ad841847a364e.emu",
    },
  ],
]
`;

exports[`go to definition > local variable 1`] = `
[
  "1. Perform ? FinishSavingTheWorld(_obj_ðŸ”½).",
  [
    {
      "range": {
        "end": {
          "character": 18,
          "line": 20,
        },
        "start": {
          "character": 15,
          "line": 20,
        },
      },
      "uri": "test://1ba2f12a6737ed2ae48ad841847a364e.emu",
    },
  ],
]
`;

exports[`go to definition > parameter 1`] = `
[
  "1. Let _obj_ be ! OrdinaryObjectCreate(_input_ðŸ”½).",
  [
    {
      "range": {
        "end": {
          "character": 22,
          "line": 14,
        },
        "start": {
          "character": 17,
          "line": 14,
        },
      },
      "uri": "test://1ba2f12a6737ed2ae48ad841847a364e.emu",
    },
  ],
]
`;
